WARNING: A restricted method in java.lang.System has been called
WARNING: java.lang.System::load has been called by org.fusesource.jansi.internal.JansiLoader in an unnamed module (file:/C:/Users/Serene/Documents/GitHub/xAuctions/apache-maven-3.9.6/lib/jansi-2.4.0.jar)
WARNING: Use --enable-native-access=ALL-UNNAMED to avoid a warning for callers in this module
WARNING: Restricted methods will be blocked in a future release unless native access is enabled

WARNING: A terminally deprecated method in sun.misc.Unsafe has been called
WARNING: sun.misc.Unsafe::objectFieldOffset has been called by com.google.common.util.concurrent.AbstractFuture$UnsafeAtomicHelper (file:/C:/Users/Serene/Documents/GitHub/xAuctions/apache-maven-3.9.6/lib/guava-32.0.1-jre.jar)
WARNING: Please consider reporting this to the maintainers of class com.google.common.util.concurrent.AbstractFuture$UnsafeAtomicHelper
WARNING: sun.misc.Unsafe::objectFieldOffset will be removed in a future release
[INFO] Scanning for projects...
[INFO] 
[INFO] -------------------< io.nightbeam.studio:xAuctions >--------------------
[INFO] Building xAuctions 1.0.0-SNAPSHOT
[INFO]   from pom.xml
[INFO] --------------------------------[ jar ]---------------------------------
[INFO] 
[INFO] --- clean:3.2.0:clean (default-clean) @ xAuctions ---
[INFO] Deleting C:\Users\Serene\Documents\GitHub\xAuctions\target
[INFO] 
[INFO] --- resources:3.3.1:resources (default-resources) @ xAuctions ---
[INFO] Copying 3 resources from src\main\resources to target\classes
[INFO] 
[INFO] --- compiler:3.11.0:compile (default-compile) @ xAuctions ---
[INFO] Changes detected - recompiling the module! :source
[INFO] Compiling 48 source files with javac [debug target 17] to target\classes
[INFO] /C:/Users/Serene/Documents/GitHub/xAuctions/src/main/java/io/nightbeam/studio/xauctions/core/listeners/InputListener.java: Some input files use or override a deprecated API.
[INFO] /C:/Users/Serene/Documents/GitHub/xAuctions/src/main/java/io/nightbeam/studio/xauctions/core/listeners/InputListener.java: Recompile with -Xlint:deprecation for details.
[INFO] -------------------------------------------------------------
[WARNING] COMPILATION WARNING : 
[INFO] -------------------------------------------------------------
[WARNING] location of system modules is not set in conjunction with -source 17
  not setting the location of system modules may lead to class files that cannot run on JDK 17
    --release 17 is recommended instead of -source 17 -target 17 because it sets the location of system modules automatically
[INFO] 1 warning
[INFO] -------------------------------------------------------------
[INFO] -------------------------------------------------------------
[ERROR] COMPILATION ERROR : 
[INFO] -------------------------------------------------------------
[ERROR] /C:/Users/Serene/Documents/GitHub/xAuctions/src/main/java/io/nightbeam/studio/xauctions/gui/framework/AuctionFilter.java:[35,17] cannot find symbol
  symbol:   method glow(boolean)
  location: class io.nightbeam.studio.xauctions.utils.ItemBuilder
[ERROR] /C:/Users/Serene/Documents/GitHub/xAuctions/src/main/java/io/nightbeam/studio/xauctions/gui/menus/AuctionsMenu.java:[17,8] io.nightbeam.studio.xauctions.gui.menus.AuctionsMenu is not abstract and does not override abstract method onClose(org.bukkit.entity.Player) in io.nightbeam.studio.xauctions.gui.AbstractMenu
[INFO] 2 errors 
[INFO] -------------------------------------------------------------
[INFO] ------------------------------------------------------------------------
[INFO] BUILD FAILURE
[INFO] ------------------------------------------------------------------------
[INFO] Total time:  2.925 s
[INFO] Finished at: 2026-01-28T12:08:24+01:00
[INFO] ------------------------------------------------------------------------
[ERROR] Failed to execute goal org.apache.maven.plugins:maven-compiler-plugin:3.11.0:compile (default-compile) on project xAuctions: Compilation failure: Compilation failure: 
[ERROR] /C:/Users/Serene/Documents/GitHub/xAuctions/src/main/java/io/nightbeam/studio/xauctions/gui/framework/AuctionFilter.java:[35,17] cannot find symbol
[ERROR]   symbol:   method glow(boolean)
[ERROR]   location: class io.nightbeam.studio.xauctions.utils.ItemBuilder
[ERROR] /C:/Users/Serene/Documents/GitHub/xAuctions/src/main/java/io/nightbeam/studio/xauctions/gui/menus/AuctionsMenu.java:[17,8] io.nightbeam.studio.xauctions.gui.menus.AuctionsMenu is not abstract and does not override abstract method onClose(org.bukkit.entity.Player) in io.nightbeam.studio.xauctions.gui.AbstractMenu
[ERROR] -> [Help 1]
[ERROR] 
[ERROR] To see the full stack trace of the errors, re-run Maven with the -e switch.
[ERROR] Re-run Maven using the -X switch to enable full debug logging.
[ERROR] 
[ERROR] For more information about the errors and possible solutions, please read the following articles:
[ERROR] [Help 1] http://cwiki.apache.org/confluence/display/MAVEN/MojoFailureException
